// Jest Snapshot v1, https://goo.gl/fbAQLP

exports[`Test MemoisedActionBar test if matches the DOM Snapshot 1`] = `
<div
  className="MuiPaper-root MuiPaper-outlined MuiPaper-rounded css-1sk68cw-MuiPaper-root"
>
  <div
    className="MuiToolbar-root MuiToolbar-gutters MuiToolbar-regular css-hyum1k-MuiToolbar-root"
  >
    <div
      className="MuiFormControl-root sortBy css-e363es-MuiFormControl-root"
    >
      <div
        className="MuiInputBase-root MuiOutlinedInput-root MuiInputBase-colorPrimary MuiInputBase-formControl css-ddfktj-MuiInputBase-root-MuiOutlinedInput-root-MuiSelect-root"
        onClick={[Function]}
      >
        <div
          aria-expanded="false"
          aria-haspopup="listbox"
          aria-labelledby="sort-label sort"
          className="MuiSelect-select MuiSelect-outlined MuiInputBase-input MuiOutlinedInput-input css-11u53oe-MuiSelect-select-MuiInputBase-input-MuiOutlinedInput-input"
          id="sort"
          onBlur={[Function]}
          onFocus={[Function]}
          onKeyDown={[Function]}
          onMouseDown={[Function]}
          role="button"
          tabIndex={0}
        >
          <em>
            Sort by...
          </em>
        </div>
        <input
          aria-hidden={true}
          className="MuiSelect-nativeInput css-yf8vq0-MuiSelect-nativeInput"
          disabled={false}
          onAnimationStart={[Function]}
          onChange={[Function]}
          required={false}
          tabIndex={-1}
          value=""
        />
        <svg
          aria-hidden={true}
          className="MuiSvgIcon-root MuiSvgIcon-fontSizeMedium MuiSelect-icon MuiSelect-iconOutlined css-hfutr2-MuiSvgIcon-root-MuiSelect-icon"
          data-testid="ArrowDropDownIcon"
          focusable="false"
          viewBox="0 0 24 24"
        >
          <path
            d="M7 10l5 5 5-5z"
          />
        </svg>
        <fieldset
          aria-hidden={true}
          className="MuiOutlinedInput-notchedOutline css-1d3z3hw-MuiOutlinedInput-notchedOutline"
        >
          <legend
            className="css-ihdtdm"
          >
            <span
              className="notranslate"
            >
              â€‹
            </span>
          </legend>
        </fieldset>
      </div>
    </div>
    <div
      className="search"
    >
      <svg
        aria-hidden={true}
        className="MuiSvgIcon-root MuiSvgIcon-fontSizeMedium searchIcon css-i4bv87-MuiSvgIcon-root"
        data-testid="SearchIcon"
        focusable="false"
        viewBox="0 0 24 24"
      >
        <path
          d="M15.5 14h-.79l-.28-.27C15.41 12.59 16 11.11 16 9.5 16 5.91 13.09 3 9.5 3S3 5.91 3 9.5 5.91 16 9.5 16c1.61 0 3.09-.59 4.23-1.57l.27.28v.79l5 4.99L20.49 19l-4.99-5zm-6 0C7.01 14 5 11.99 5 9.5S7.01 5 9.5 5 14 7.01 14 9.5 11.99 14 9.5 14z"
        />
      </svg>
      <div
        className="MuiInputBase-root MuiInputBase-colorPrimary searchInput css-1le28he-MuiInputBase-root"
        onClick={[Function]}
      >
        <input
          aria-label="search"
          className="MuiInputBase-input css-yz9k0d-MuiInputBase-input"
          onAnimationStart={[Function]}
          onBlur={[Function]}
          onChange={[Function]}
          onFocus={[Function]}
          placeholder="Type to search..."
          type="text"
        />
      </div>
    </div>
    <div
      className="MuiBox-root css-i9gxme"
    />
  </div>
</div>
`;
