// Jest Snapshot v1, https://goo.gl/fbAQLP

exports[`Test Header test if matches the DOM Snapshot 1`] = `
<div
  className="MuiBox-root css-i9gxme"
>
  <header
    className="MuiPaper-root MuiPaper-elevation MuiPaper-elevation4 MuiAppBar-root MuiAppBar-colorPrimary MuiAppBar-positionStatic css-hip9hq-MuiPaper-root-MuiAppBar-root"
    style={
      Object {
        "backgroundColor": "#f0f0f021",
      }
    }
  >
    <div
      className="MuiToolbar-root MuiToolbar-gutters MuiToolbar-regular css-hyum1k-MuiToolbar-root"
    >
      <div>
        Movie App
      </div>
    </div>
  </header>
</div>
`;
